{"training": {"requested": 1500, "shortfall": 0, "total_generated": 1500, "retained": 1481, "near_duplicates": 19, "near_duplicate_rate": 0.0127, "per_style": {"adversarial": 300, "borderline": 299, "long": 300, "multilingual": 285, "realistic": 297}, "per_language": {"Arabic": 73, "Bengali": 74, "Chinese": 75, "Czech": 72, "Dutch": 75, "English": 69, "French": 75, "German": 75, "Hindi": 75, "Indonesian": 75, "Italian": 75, "Japanese": 73, "Korean": 75, "Malay": 75, "Polish": 74, "Portuguese": 74, "Russian": 75, "Spanish": 75, "Turkish": 75, "Vietnamese": 72}, "assigned_languages": {"Arabic": 75, "Bengali": 75, "Chinese": 75, "Czech": 75, "Dutch": 75, "English": 75, "French": 75, "German": 75, "Hindi": 75, "Indonesian": 75, "Italian": 75, "Japanese": 75, "Korean": 75, "Malay": 75, "Polish": 75, "Portuguese": 75, "Russian": 75, "Spanish": 75, "Turkish": 75, "Vietnamese": 75}, "managed_languages": {"Arabic": 75, "Bengali": 75, "Chinese": 75, "Czech": 75, "Dutch": 75, "English": 75, "French": 75, "German": 75, "Hindi": 75, "Indonesian": 75, "Italian": 75, "Japanese": 75, "Korean": 75, "Malay": 75, "Polish": 75, "Portuguese": 75, "Russian": 75, "Spanish": 75, "Turkish": 75, "Vietnamese": 75}, "unavailable_languages": {}, "length_distribution": {"0-99": 287, "100-499": 1077, "500-1999": 117, "2000+": 0, "min": 38, "median": 132, "max": 677}}, "heldout": {"requested": 150, "shortfall": 0, "total_generated": 150, "retained": 150, "near_duplicates": 0, "near_duplicate_rate": 0.0, "per_style": {"heldout": 150}, "per_language": {"Arabic": 8, "Bengali": 8, "Chinese": 8, "Czech": 8, "Dutch": 8, "English": 8, "French": 8, "German": 8, "Hindi": 8, "Indonesian": 8, "Italian": 7, "Japanese": 7, "Korean": 7, "Malay": 7, "Polish": 7, "Portuguese": 7, "Russian": 7, "Spanish": 7, "Turkish": 7, "Vietnamese": 7}, "assigned_languages": {"Arabic": 8, "Bengali": 8, "Chinese": 8, "Czech": 8, "Dutch": 8, "English": 8, "French": 8, "German": 8, "Hindi": 8, "Indonesian": 8, "Italian": 7, "Japanese": 7, "Korean": 7, "Malay": 7, "Polish": 7, "Portuguese": 7, "Russian": 7, "Spanish": 7, "Turkish": 7, "Vietnamese": 7}, "managed_languages": {"Arabic": 8, "Bengali": 8, "Chinese": 8, "Czech": 8, "Dutch": 8, "English": 8, "French": 8, "German": 8, "Hindi": 8, "Indonesian": 8, "Italian": 7, "Japanese": 7, "Korean": 7, "Malay": 7, "Polish": 7, "Portuguese": 7, "Russian": 7, "Spanish": 7, "Turkish": 7, "Vietnamese": 7}, "unavailable_languages": {}, "length_distribution": {"0-99": 22, "100-499": 128, "500-1999": 0, "2000+": 0, "min": 45, "median": 153.0, "max": 226}}}
real 5998.95
user 0.89
sys 0.17
           105250816  maximum resident set size
                   0  average shared memory size
                   0  average unshared data size
                   0  average unshared stack size
               24023  page reclaims
                 287  page faults
                   0  swaps
                   0  block input operations
                   0  block output operations
                 166  messages sent
                 111  messages received
                   0  signals received
                2483  voluntary context switches
                1723  involuntary context switches
         17866688744  instructions retired
          4255638649  cycles elapsed
            91357784  peak memory footprint
