{"training": {"requested": 1500, "shortfall": 0, "total_generated": 1500, "retained": 1484, "near_duplicates": 16, "near_duplicate_rate": 0.0107, "per_style": {"adversarial": 298, "borderline": 299, "long": 300, "multilingual": 294, "realistic": 293}, "per_language": {"Chinese": 2, "English": 490, "French": 49, "French/English": 2, "German": 35, "Hindi/English": 1, "Italian": 14, "Polish": 1, "Portuguese": 18, "Portuguese/English": 1, "Russian": 1, "Spanish": 32, "Turkish": 2, "Ukrainian": 1, "Vietnamese": 1, "ar": 1, "de": 43, "en": 522, "en-es": 4, "en-pt": 1, "english": 48, "es": 53, "fr": 55, "fr-en": 4, "french": 3, "german": 3, "hr-en": 1, "hu": 1, "id": 6, "indonesian": 1, "it": 24, "italian": 2, "ja": 6, "ko": 1, "lv": 1, "nl": 1, "pl": 2, "portuguese": 1, "pt": 31, "pt-br": 1, "ru": 11, "spanish": 2, "sv": 1, "tr": 2, "vi": 1, "zh": 1}, "length_distribution": {"0-99": 122, "100-499": 1189, "500-1999": 173, "2000+": 0, "min": 42, "median": 140.0, "max": 965}}, "heldout": {"requested": 150, "shortfall": 0, "total_generated": 150, "retained": 148, "near_duplicates": 2, "near_duplicate_rate": 0.0133, "per_style": {"heldout": 148}, "per_language": {"Czech": 1, "English": 125, "French": 7, "German": 6, "Italian": 1, "Malay": 1, "Portuguese": 1, "Spanish": 6}, "length_distribution": {"0-99": 10, "100-499": 138, "500-1999": 0, "2000+": 0, "min": 68, "median": 163.0, "max": 345}}}
real 6065.72
user 1.06
sys 0.20
           104923136  maximum resident set size
                   0  average shared memory size
                   0  average unshared data size
                   0  average unshared stack size
               24474  page reclaims
                 390  page faults
                   0  swaps
                   0  block input operations
                   0  block output operations
                 166  messages sent
                 117  messages received
                   0  signals received
                3118  voluntary context switches
                1445  involuntary context switches
         19671462441  instructions retired
          4514274118  cycles elapsed
            91161176  peak memory footprint
